<html>
<body>
<pre>
<h1>µVision Build Log</h1>
<h2>Project:</h2>
C:\Users\kwagner17\Desktop\Nokia5110_4C123\Nokia5110_4C123\Nokia5110.uvproj
Project File Date:  03/24/2025

<h2>Output:</h2>
Build target 'Nokia5110'
compiling Nokia5110TestMain.c...
Nokia5110TestMain.c(250): warning:  #167-D: argument of type "const char *" is incompatible with parameter of type "const uint8_t *"
                Nokia5110_DrawFullImage(Smiley);
Nokia5110TestMain.c: 1 warning, 0 errors
linking...
Program Size: Code=2308 RO-data=2520 RW-data=0 ZI-data=1120  
".\Nokia5110.axf" - 0 Error(s), 1 Warning(s).
Load "C:\\Users\\kwagner17\\Desktop\\Nokia5110_4C123\\Nokia5110_4C123\\Nokia5110.axf" 
Connecting: Mode=JTAG, Speed=1000000Hz
Erase Done.
Programming Done.
Verify OK.
</pre>
</body>
</html>
17\\Desktop\\Nokia5110_4C123\\Nokia5110_4C123\\Nokia5110.axf" 
Connecting: Mode=JTAG, Speed=1000000Hz
Erase Done.
Programming Done.
Verify OK.
.
Programming Done.
Verify OK.
