<html>
<body>
<pre>
<h1>µVision Build Log</h1>
<h2>Project:</h2>
C:\Users\kwagner17\Desktop\Lab 1\Lab1.uvproj
Project File Date:  02/19/2025

<h2>Output:</h2>
Rebuild target 'Target 1'
compiling system_TM4C123.c...
assembling startup_TM4C123.s...
compiling Lab2_Richey.c...
linking...
Program Size: Code=1336 RO-data=652 RW-data=4 ZI-data=612  
".\Lab1.axf" - 0 Error(s), 0 Warning(s).
Load "C:\\Users\\kwagner17\\Desktop\\Lab 1\\Lab1.axf" 
Connecting: Mode=JTAG, Speed=1000000Hz
Erase Done.
Programming Done.
Verify OK.
</pre>
</body>
</html>
Lab 1\\Lab1.axf" 
Connecting: Mode=JTAG, Speed=1000000Hz
Erase Done.
Programming Done.
Verify OK.
